18:57:35: Creating resource group General
18:57:35: Creating resource group Internal
18:57:35: Creating resource group Autodetect
18:57:35: SceneManagerFactory for type 'DefaultSceneManager' registered.
18:57:35: Registering ResourceManager for type Material
18:57:35: Registering ResourceManager for type Mesh
18:57:35: Registering ResourceManager for type Skeleton
18:57:35: MovableObjectFactory for type 'ParticleSystem' registered.
18:57:35: OverlayElementFactory for type Panel registered.
18:57:35: OverlayElementFactory for type BorderPanel registered.
18:57:35: OverlayElementFactory for type TextArea registered.
18:57:35: Registering ResourceManager for type Font
18:57:35: ArchiveFactory for archive type FileSystem registered.
18:57:35: ArchiveFactory for archive type Zip registered.
18:57:35: FreeImage version: 3.9.3
18:57:35: This program uses FreeImage, a free, open source image library supporting all common bitmap formats. See http://freeimage.sourceforge.net for details
18:57:35: Supported formats: bmp,ico,jpg,jif,jpeg,jpe,jng,koa,iff,lbm,mng,pbm,pbm,pcd,pcx,pgm,pgm,png,ppm,ppm,ras,tga,targa,tif,tiff,wap,wbmp,wbm,psd,cut,xbm,xpm,gif,hdr,g3,sgi
18:57:35: DDS codec registering
18:57:35: Registering ResourceManager for type HighLevelGpuProgram
18:57:35: Registering ResourceManager for type Compositor
18:57:35: MovableObjectFactory for type 'Entity' registered.
18:57:35: MovableObjectFactory for type 'Light' registered.
18:57:35: MovableObjectFactory for type 'BillboardSet' registered.
18:57:35: MovableObjectFactory for type 'ManualObject' registered.
18:57:35: MovableObjectFactory for type 'BillboardChain' registered.
18:57:35: MovableObjectFactory for type 'RibbonTrail' registered.
18:57:35: Loading library /home/ttedford/pyogre/dist/lib/OGRE/RenderSystem_GL
18:57:35: Installing plugin: GL RenderSystem
18:57:35: OpenGL Rendering Subsystem created.
18:57:35: Plugin successfully installed
18:57:35: Loading library /home/ttedford/pyogre/dist/lib/OGRE/Plugin_ParticleFX
18:57:35: Installing plugin: ParticleFX
18:57:35: Particle Emitter Type 'Point' registered
18:57:35: Particle Emitter Type 'Box' registered
18:57:35: Particle Emitter Type 'Ellipsoid' registered
18:57:35: Particle Emitter Type 'Cylinder' registered
18:57:35: Particle Emitter Type 'Ring' registered
18:57:35: Particle Emitter Type 'HollowEllipsoid' registered
18:57:35: Particle Affector Type 'LinearForce' registered
18:57:35: Particle Affector Type 'ColourFader' registered
18:57:35: Particle Affector Type 'ColourFader2' registered
18:57:35: Particle Affector Type 'ColourImage' registered
18:57:35: Particle Affector Type 'ColourInterpolator' registered
18:57:35: Particle Affector Type 'Scaler' registered
18:57:35: Particle Affector Type 'Rotator' registered
18:57:35: Particle Affector Type 'DirectionRandomiser' registered
18:57:35: Particle Affector Type 'DeflectorPlane' registered
18:57:35: Plugin successfully installed
18:57:35: Loading library /home/ttedford/pyogre/dist/lib/OGRE/Plugin_BSPSceneManager
18:57:35: Installing plugin: BSP Scene Manager
18:57:35: Plugin successfully installed
18:57:35: Loading library /home/ttedford/pyogre/dist/lib/OGRE/Plugin_OctreeSceneManager
18:57:35: Installing plugin: Octree & Terrain Scene Manager
18:57:35: Plugin successfully installed
18:57:35: Loading library /home/ttedford/pyogre/dist/lib/OGRE/Plugin_CgProgramManager
18:57:35: Installing plugin: Cg Program Manager
18:57:35: Plugin successfully installed
18:57:35: *-*-* OGRE Initialising
18:57:35: *-*-* Version 1.4.2 (Eihort)
18:57:35: Creating resource group Bootstrap
18:57:35: Added resource location '/home/ttedford/data/core/OgreCore.zip' of type 'Zip' to resource group 'Bootstrap'
18:57:35: Added resource location '/home/ttedford/Engine/models' of type 'FileSystem' to resource group 'General'
18:57:37: CPU Identifier & Features
18:57:37: -------------------------
18:57:37:  *   CPU ID: AuthenticAMD: AMD Athlon(tm) 64 X2 Dual Core Processor 3600+
18:57:37:  *      SSE: yes
18:57:37:  *     SSE2: yes
18:57:37:  *     SSE3: yes
18:57:37:  *      MMX: yes
18:57:37:  *   MMXEXT: yes
18:57:37:  *    3DNOW: yes
18:57:37:  * 3DNOWEXT: yes
18:57:37:  *     CMOV: yes
18:57:37:  *      TSC: yes
18:57:37:  *      FPU: yes
18:57:37:  *      PRO: yes
18:57:37:  *       HT: no
18:57:37: -------------------------
18:57:37: ******************************
*** Starting GLX Subsystem ***
******************************
18:57:37: GLRenderSystem::createRenderWindow "OGRE Render Window", 800x600 windowed  miscParams: FSAA=0 title=OGRE Render Window 
18:57:37: GLXWindow::create
18:57:37: Parsing miscParams
18:57:37: GLXWindow::create -- Best visual is 36
18:57:37: OGRE EXCEPTION(6:FileNotFoundException): Cannot locate resource GLX_icon.png in resource group General or any other group. in ResourceGroupManager::openResource at OgreResourceGroupManager.cpp (line 603)
18:57:37: GL_VERSION = 1.4 (2.1.0 NVIDIA 97.55)
18:57:37: GL_VENDOR = NVIDIA Corporation
18:57:37: GL_RENDERER = GeForce 8800 GTS/PCI/SSE2/3DNOW!
18:57:37: GL_EXTENSIONS = GL_ARB_depth_texture GL_ARB_fragment_program GL_ARB_fragment_program_shadow GL_ARB_imaging GL_ARB_multitexture GL_ARB_occlusion_query GL_ARB_point_parameters GL_ARB_point_sprite GL_ARB_shadow GL_ARB_texture_border_clamp GL_ARB_texture_compression GL_ARB_texture_cube_map GL_ARB_texture_env_add GL_ARB_texture_env_combine GL_ARB_texture_env_dot3 GL_ARB_texture_mirrored_repeat GL_ARB_texture_non_power_of_two GL_ARB_texture_rectangle GL_ARB_transpose_matrix GL_ARB_vertex_program GL_ARB_window_pos GL_EXT_abgr GL_EXT_bgra GL_EXT_blend_color GL_EXT_blend_func_separate GL_EXT_blend_minmax GL_EXT_blend_subtract GL_EXT_draw_range_elements GL_EXT_fog_coord GL_EXT_multi_draw_arrays GL_EXT_packed_pixels GL_EXT_point_parameters GL_EXT_rescale_normal GL_EXT_secondary_color GL_EXT_separate_specular_color GL_EXT_shadow_funcs GL_EXT_stencil_wrap GL_EXT_texture3D GL_EXT_texture_compression_s3tc GL_EXT_texture_edge_clamp GL_EXT_texture_env_add GL_EXT_texture_env_combine GL_EXT_texture_env_dot3 GL_EXT_texture_filter_anisotropic GL_EXT_texture_lod GL_EXT_texture_lod_bias GL_EXT_texture_mirror_clamp GL_EXT_texture_object GL_EXT_texture_rectangle GL_EXT_vertex_array GL_ATI_texture_float GL_ATI_texture_mirror_once GL_IBM_rasterpos_clip GL_IBM_texture_mirrored_repeat GL_INGR_blend_func_separate GL_NV_blend_square GL_NV_copy_depth_to_color GL_NV_depth_clamp GL_NV_fog_distance GL_NV_fragment_program_option GL_NV_fragment_program2 GL_NV_light_max_exponent GL_NV_multisample_filter_hint GL_NV_texgen_reflection GL_NV_texture_compression_vtc GL_NV_texture_env_combine4 GL_NV_texture_rectangle GL_NV_vertex_program2_option GL_NV_vertex_program3 GL_SGIS_generate_mipmap GL_SGIS_texture_border_clamp GL_SGIS_texture_edge_clamp GL_SGIS_texture_lod GL_SGIX_depth_texture GL_SGIX_shadow GL_SUN_multi_draw_arrays GL_SUN_slice_accum 
18:57:37: ***************************
18:57:37: *** GL Renderer Started ***
18:57:37: ***************************
18:57:37: Registering ResourceManager for type GpuProgram
18:57:37: GL: Using framebuffer copy for rendering to textures (worst)
18:57:37: GL: Warning: RenderTexture size is restricted to size of framebuffer. If you are on Linux, consider using GLX instead of SDL.
18:57:37: RenderSystem capabilities
18:57:37: -------------------------
18:57:37:  * Hardware generation of mipmaps: yes
18:57:37:  * Texture blending: yes
18:57:37:  * Anisotropic texture filtering: yes
18:57:37:  * Dot product texture operation: yes
18:57:37:  * Cube mapping: yes
18:57:37:  * Hardware stencil buffer: yes
18:57:37:    - Stencil depth: 8
18:57:37:    - Two sided stencil support: no
18:57:37:    - Wrap stencil values: yes
18:57:37:  * Hardware vertex / index buffers: no
18:57:37:  * Vertex programs: yes
18:57:37:    - Max vertex program version: vp40
18:57:37:  * Fragment programs: yes
18:57:37:    - Max fragment program version: fp40
18:57:37:  * Texture Compression: yes
18:57:37:    - DXT: yes
18:57:37:    - VTC: yes
18:57:37:  * Scissor Rectangle: yes
18:57:37:  * Hardware Occlusion Query: yes
18:57:37:  * User clip planes: yes
18:57:37:  * VET_UBYTE4 vertex element type: yes
18:57:37:  * Infinite far plane projection: yes
18:57:37:  * Hardware render-to-texture: no
18:57:37:  * Floating point textures: yes
18:57:37:  * Non-power-of-two textures: yes
18:57:37:  * Volume textures: yes
18:57:37:  * Multiple Render Targets: 1
18:57:37:  * Point Sprites: yes
18:57:37:  * Extended point parameters: yes
18:57:37:  * Max Point Size: 63.375
18:57:37:  * Vertex texture fetch: no
18:57:37: Registering ResourceManager for type Texture
18:57:37: ResourceBackgroundQueue - threading disabled
18:57:37: Particle Renderer Type 'billboard' registered
18:57:37: SceneManagerFactory for type 'OctreeSceneManager' registered.
18:57:37: SceneManagerFactory for type 'TerrainSceneManager' registered.
18:57:37: SceneManagerFactory for type 'BspSceneManager' registered.
18:57:37: Registering ResourceManager for type BspLevel
18:57:37: Creating viewport on target 'OGRE Render Window', rendering from camera 'PlayerCam', relative dimensions L: 0.00 T: 0.00 W: 1.00 H: 1.00 ZOrder: 0
18:57:37: Viewport for camera 'PlayerCam', actual dimensions L: 0 T: 0 W: 800 H: 600
18:57:37: Parsing scripts for resource group Autodetect
18:57:37: Finished parsing scripts for resource group Autodetect
18:57:37: Parsing scripts for resource group Bootstrap
18:57:37: Parsing script OgreCore.material
18:57:37: Parsing script OgreProfiler.material
18:57:37: Parsing script Ogre.fontdef
18:57:37: Parsing script OgreDebugPanel.overlay
18:57:37: Texture: New_Ogre_Border_Center.png: Loading 1 faces(PF_A8R8G8B8,256x128x1) with 5 hardware generated mipmaps from Image. Internal format is PF_A8R8G8B8,256x128x1.
18:57:37: Texture: New_Ogre_Border.png: Loading 1 faces(PF_A8R8G8B8,256x256x1) with 5 hardware generated mipmaps from Image. Internal format is PF_A8R8G8B8,256x256x1.
18:57:37: Texture: New_Ogre_Border_Break.png: Loading 1 faces(PF_A8R8G8B8,32x32x1) with 5 hardware generated mipmaps from Image. Internal format is PF_A8R8G8B8,32x32x1.
18:57:37: Font BlueHighwayusing texture size 512x512
18:57:37: Info: Freetype returned null for character 127 in font BlueHighway
18:57:37: Info: Freetype returned null for character 128 in font BlueHighway
18:57:37: Info: Freetype returned null for character 129 in font BlueHighway
18:57:37: Info: Freetype returned null for character 130 in font BlueHighway
18:57:37: Info: Freetype returned null for character 131 in font BlueHighway
18:57:37: Info: Freetype returned null for character 132 in font BlueHighway
18:57:37: Info: Freetype returned null for character 133 in font BlueHighway
18:57:37: Info: Freetype returned null for character 134 in font BlueHighway
18:57:37: Info: Freetype returned null for character 135 in font BlueHighway
18:57:37: Info: Freetype returned null for character 136 in font BlueHighway
18:57:37: Info: Freetype returned null for character 137 in font BlueHighway
18:57:37: Info: Freetype returned null for character 138 in font BlueHighway
18:57:37: Info: Freetype returned null for character 139 in font BlueHighway
18:57:37: Info: Freetype returned null for character 140 in font BlueHighway
18:57:37: Info: Freetype returned null for character 141 in font BlueHighway
18:57:37: Info: Freetype returned null for character 142 in font BlueHighway
18:57:37: Info: Freetype returned null for character 143 in font BlueHighway
18:57:37: Info: Freetype returned null for character 144 in font BlueHighway
18:57:37: Info: Freetype returned null for character 145 in font BlueHighway
18:57:37: Info: Freetype returned null for character 146 in font BlueHighway
18:57:37: Info: Freetype returned null for character 147 in font BlueHighway
18:57:37: Info: Freetype returned null for character 148 in font BlueHighway
18:57:37: Info: Freetype returned null for character 149 in font BlueHighway
18:57:37: Info: Freetype returned null for character 150 in font BlueHighway
18:57:37: Info: Freetype returned null for character 151 in font BlueHighway
18:57:37: Info: Freetype returned null for character 152 in font BlueHighway
18:57:37: Info: Freetype returned null for character 153 in font BlueHighway
18:57:37: Info: Freetype returned null for character 154 in font BlueHighway
18:57:37: Info: Freetype returned null for character 155 in font BlueHighway
18:57:37: Info: Freetype returned null for character 156 in font BlueHighway
18:57:37: Info: Freetype returned null for character 157 in font BlueHighway
18:57:37: Info: Freetype returned null for character 158 in font BlueHighway
18:57:37: Info: Freetype returned null for character 159 in font BlueHighway
18:57:37: Info: Freetype returned null for character 160 in font BlueHighway
18:57:37: Texture: BlueHighwayTexture: Loading 1 faces(PF_BYTE_LA,512x512x1) with  hardware generated mipmaps from Image. Internal format is PF_BYTE_LA,512x512x1.
18:57:37: Texture: ogretext.png: Loading 1 faces(PF_A8R8G8B8,256x128x1) with 5 hardware generated mipmaps from Image. Internal format is PF_A8R8G8B8,256x128x1.
18:57:37: Parsing script OgreLoadingPanel.overlay
18:57:37: Finished parsing scripts for resource group Bootstrap
18:57:37: Parsing scripts for resource group General
18:57:37: Parsing script piston.material
18:57:37: Parsing script Table.material
18:57:37: Parsing script steel.material
18:57:37: Finished parsing scripts for resource group General
18:57:37: Parsing scripts for resource group Internal
18:57:37: Finished parsing scripts for resource group Internal
18:57:37: Mesh: Loading Table.mesh.
18:57:37: WARNING: Table.mesh is an older format ([MeshSerializer_v1.30]); you should upgrade it as soon as possible using the OgreMeshUpgrade tool.
18:57:37: Texture: green_lamp.jpg: Loading 1 faces(PF_R8G8B8,256x256x1) with 5 hardware generated mipmaps from Image. Internal format is PF_X8R8G8B8,256x256x1.
18:57:37: Texture: chrome_map.jpg: Loading 1 faces(PF_R8G8B8,640x480x1) with 5 hardware generated mipmaps from Image. Internal format is PF_X8R8G8B8,640x480x1.
18:57:37: Texture: red_lamp.jpg: Loading 1 faces(PF_R8G8B8,256x256x1) with 5 hardware generated mipmaps from Image. Internal format is PF_X8R8G8B8,256x256x1.
18:57:37: Texture: toolbox_red.jpg: Loading 1 faces(PF_R8G8B8,256x256x1) with 5 hardware generated mipmaps from Image. Internal format is PF_X8R8G8B8,256x256x1.
18:57:37: Texture: dark_grey.jpg: Loading 1 faces(PF_R8G8B8,256x256x1) with 5 hardware generated mipmaps from Image. Internal format is PF_X8R8G8B8,256x256x1.
18:57:37: Mesh: Loading Cylinder.mesh.
18:57:37: WARNING: Cylinder.mesh is an older format ([MeshSerializer_v1.30]); you should upgrade it as soon as possible using the OgreMeshUpgrade tool.
18:57:38: Texture: Alumox.jpg: Loading 1 faces(PF_R8G8B8,756x512x1) with 5 hardware generated mipmaps from Image. Internal format is PF_X8R8G8B8,756x512x1.
18:57:38: Mesh: Loading Piston.mesh.
18:57:38: WARNING: Piston.mesh is an older format ([MeshSerializer_v1.30]); you should upgrade it as soon as possible using the OgreMeshUpgrade tool.
18:57:38: Texture: brushed_aluminium2.jpg: Loading 1 faces(PF_R8G8B8,600x362x1) with 5 hardware generated mipmaps from Image. Internal format is PF_X8R8G8B8,600x362x1.
18:57:38: Texture: flatblack.jpg: Loading 1 faces(PF_R8G8B8,128x128x1) with 5 hardware generated mipmaps from Image. Internal format is PF_X8R8G8B8,128x128x1.
18:57:38: Texture: Reflectx.jpg: Loading 1 faces(PF_R8G8B8,754x378x1) with 5 hardware generated mipmaps from Image. Internal format is PF_X8R8G8B8,754x378x1.
18:59:55: Unregistering ResourceManager for type BspLevel
18:59:55: *-*-* OGRE Shutdown
18:59:55: Unregistering ResourceManager for type Compositor
18:59:55: Unregistering ResourceManager for type Font
18:59:55: Unregistering ResourceManager for type Skeleton
18:59:55: Unregistering ResourceManager for type Mesh
18:59:55: Unregistering ResourceManager for type HighLevelGpuProgram
18:59:55: Uninstalling plugin: Cg Program Manager
18:59:55: Plugin successfully uninstalled
18:59:55: Unloading library /home/ttedford/pyogre/dist/lib/OGRE/Plugin_CgProgramManager
18:59:55: Uninstalling plugin: Octree & Terrain Scene Manager
18:59:55: Plugin successfully uninstalled
18:59:55: Unloading library /home/ttedford/pyogre/dist/lib/OGRE/Plugin_OctreeSceneManager
18:59:55: Uninstalling plugin: BSP Scene Manager
18:59:55: Plugin successfully uninstalled
18:59:55: Unloading library /home/ttedford/pyogre/dist/lib/OGRE/Plugin_BSPSceneManager
18:59:55: Uninstalling plugin: ParticleFX
18:59:55: Plugin successfully uninstalled
18:59:55: Unloading library /home/ttedford/pyogre/dist/lib/OGRE/Plugin_ParticleFX
18:59:55: Uninstalling plugin: GL RenderSystem
18:59:55: Render Target 'OGRE Render Window' Average FPS: 44.4698 Best FPS: 74.1107 Worst FPS: 21.2972
18:59:55: Unregistering ResourceManager for type GpuProgram
18:59:55: ******************************
*** Stopping GLX Subsystem ***
******************************
18:59:55: Unregistering ResourceManager for type Texture
18:59:55: Plugin successfully uninstalled
18:59:55: Unloading library /home/ttedford/pyogre/dist/lib/OGRE/RenderSystem_GL
18:59:55: Unregistering ResourceManager for type Material
